
> collabboard@1.0.0 test
> vitest


[1m[44m DEV [49m[22m [34mv3.2.4 [39m[90mC:/Users/璋﹀弸Lee/Desktop/Project/Collabboard[39m

 [32m鉁?[39m src/tests/stores/boardStore.test.ts [2m([22m[2m3 tests[22m[2m)[22m[32m 8[2mms[22m[39m
 [32m鉁?[39m src/tests/stores/settingsStore.test.ts [2m([22m[2m8 tests[22m[2m)[22m[32m 9[2mms[22m[39m
 [32m鉁?[39m src/tests/stores/authStore.test.ts [2m([22m[2m4 tests[22m[2m)[22m[32m 7[2mms[22m[39m

[2m Test Files [22m [1m[32m3 passed[39m[22m[90m (3)[39m
[2m      Tests [22m [1m[32m15 passed[39m[22m[90m (15)[39m
[2m   Start at [22m 17:19:01
[2m   Duration [22m 4.38s[2m (transform 352ms, setup 1.84s, collect 602ms, tests 23ms, environment 8.04s, prepare 974ms)[22m

[1m[42m PASS [49m[22m [32mWaiting for file changes...[39m
       [2mpress [22m[1mh[22m[2m to show help[22m[2m, [22m[2mpress [22m[1mq[22m[2m to quit[22m
